Flow report for lab5
Fri Mar 27 10:33:48 2026
Quartus Prime Version 23.1std.0 Build 991 11/28/2023 SC Standard Edition


---------------------
; Table of Contents ;
---------------------
  1. Legal Notice
  2. Flow Summary
  3. Flow Settings
  4. Flow Non-Default Global Settings
  5. Flow Elapsed Time
  6. Flow OS Summary
  7. Flow Log
  8. Flow Messages
  9. Flow Suppressed Messages



----------------
; Legal Notice ;
----------------
Copyright (C) 2023  Intel Corporation. All rights reserved.
Your use of Intel Corporation's design tools, logic functions 
and other software and tools, and any partner logic 
functions, and any output files from any of the foregoing 
(including device programming or simulation files), and any 
associated documentation or information are expressly subject 
to the terms and conditions of the Intel Program License 
Subscription Agreement, the Intel Quartus Prime License Agreement,
the Intel FPGA IP License Agreement, or other applicable license
agreement, including, without limitation, that your use is for
the sole purpose of programming logic devices manufactured by
Intel and sold by Intel or its authorized distributors.  Please
refer to the applicable agreement for further details, at
https://fpgasoftware.intel.com/eula.



+--------------------------------------------------------------------------------------+
; Flow Summary                                                                         ;
+---------------------------------+----------------------------------------------------+
; Flow Status                     ; Successful - Fri Mar 27 10:33:48 2026              ;
; Quartus Prime Version           ; 23.1std.0 Build 991 11/28/2023 SC Standard Edition ;
; Revision Name                   ; lab5                                               ;
; Top-level Entity Name           ; immediate_extractor                                ;
; Family                          ; Cyclone V                                          ;
; Device                          ; 5CSEMA5F31C6                                       ;
; Timing Models                   ; Final                                              ;
; Logic utilization (in ALMs)     ; 5 / 32,070 ( < 1 % )                               ;
; Total registers                 ; 0                                                  ;
; Total pins                      ; 15 / 457 ( 3 % )                                   ;
; Total virtual pins              ; 0                                                  ;
; Total block memory bits         ; 0 / 4,065,280 ( 0 % )                              ;
; Total DSP Blocks                ; 0 / 87 ( 0 % )                                     ;
; Total HSSI RX PCSs              ; 0                                                  ;
; Total HSSI PMA RX Deserializers ; 0                                                  ;
; Total HSSI TX PCSs              ; 0                                                  ;
; Total HSSI PMA TX Serializers   ; 0                                                  ;
; Total PLLs                      ; 0 / 6 ( 0 % )                                      ;
; Total DLLs                      ; 0 / 4 ( 0 % )                                      ;
+---------------------------------+----------------------------------------------------+


+-----------------------------------------+
; Flow Settings                           ;
+-------------------+---------------------+
; Option            ; Setting             ;
+-------------------+---------------------+
; Start date & time ; 03/27/2026 10:06:55 ;
; Main task         ; Compilation         ;
; Revision Name     ; lab5                ;
+-------------------+---------------------+


+---------------------------------------------------------------------------------------------------------------------------------+
; Flow Non-Default Global Settings                                                                                                ;
+-------------------------------------+----------------------------------------+---------------+---------------------+------------+
; Assignment Name                     ; Value                                  ; Default Value ; Entity Name         ; Section Id ;
+-------------------------------------+----------------------------------------+---------------+---------------------+------------+
; COMPILER_SIGNATURE_ID               ; 10995770589202.177462041407032         ; --            ; --                  ; --         ;
; MAX_CORE_JUNCTION_TEMP              ; 85                                     ; --            ; --                  ; --         ;
; MIN_CORE_JUNCTION_TEMP              ; 0                                      ; --            ; --                  ; --         ;
; PARTITION_COLOR                     ; -- (Not supported for targeted family) ; --            ; immediate_extractor ; Top        ;
; PARTITION_FITTER_PRESERVATION_LEVEL ; -- (Not supported for targeted family) ; --            ; immediate_extractor ; Top        ;
; PARTITION_NETLIST_TYPE              ; -- (Not supported for targeted family) ; --            ; immediate_extractor ; Top        ;
; POWER_BOARD_THERMAL_MODEL           ; None (CONSERVATIVE)                    ; --            ; --                  ; --         ;
; POWER_PRESET_COOLING_SOLUTION       ; 23 MM HEAT SINK WITH 200 LFPM AIRFLOW  ; --            ; --                  ; --         ;
; PROJECT_OUTPUT_DIRECTORY            ; output_files                           ; --            ; --                  ; --         ;
; TOP_LEVEL_ENTITY                    ; immediate_extractor                    ; lab5          ; --                  ; --         ;
+-------------------------------------+----------------------------------------+---------------+---------------------+------------+


+--------------------------------------------------------------------------------------------------------------------------+
; Flow Elapsed Time                                                                                                        ;
+----------------------+--------------+-------------------------+---------------------+------------------------------------+
; Module Name          ; Elapsed Time ; Average Processors Used ; Peak Virtual Memory ; Total CPU Time (on all processors) ;
+----------------------+--------------+-------------------------+---------------------+------------------------------------+
; Analysis & Synthesis ; 00:00:13     ; 1.0                     ; 4870 MB             ; 00:00:36                           ;
; Fitter               ; 00:11:47     ; 1.0                     ; 7584 MB             ; 01:02:09                           ;
; Assembler            ; 00:00:20     ; 1.0                     ; 5235 MB             ; 00:00:19                           ;
; Timing Analyzer      ; 00:00:14     ; 1.1                     ; 5405 MB             ; 00:00:13                           ;
; EDA Netlist Writer   ; 00:00:02     ; 1.0                     ; 4747 MB             ; 00:00:02                           ;
; EDA Netlist Writer   ; 00:00:01     ; 1.0                     ; 4763 MB             ; 00:00:02                           ;
; EDA Netlist Writer   ; 00:00:01     ; 1.0                     ; 4747 MB             ; 00:00:02                           ;
; EDA Netlist Writer   ; 00:00:02     ; 1.0                     ; 4763 MB             ; 00:00:02                           ;
; EDA Netlist Writer   ; 00:00:01     ; 1.0                     ; 4747 MB             ; 00:00:02                           ;
; EDA Netlist Writer   ; 00:00:01     ; 1.0                     ; 4763 MB             ; 00:00:01                           ;
; EDA Netlist Writer   ; 00:00:02     ; 1.0                     ; 4747 MB             ; 00:00:02                           ;
; EDA Netlist Writer   ; 00:00:02     ; 1.0                     ; 4763 MB             ; 00:00:01                           ;
; Total                ; 00:12:46     ; --                      ; --                  ; 01:03:31                           ;
+----------------------+--------------+-------------------------+---------------------+------------------------------------+


+------------------------------------------------------------------------------------+
; Flow OS Summary                                                                    ;
+----------------------+------------------+------------+------------+----------------+
; Module Name          ; Machine Hostname ; OS Name    ; OS Version ; Processor type ;
+----------------------+------------------+------------+------------+----------------+
; Analysis & Synthesis ; Sireena          ; Windows 10 ; 10.0       ; x86_64         ;
; Fitter               ; Sireena          ; Windows 10 ; 10.0       ; x86_64         ;
; Assembler            ; Sireena          ; Windows 10 ; 10.0       ; x86_64         ;
; Timing Analyzer      ; Sireena          ; Windows 10 ; 10.0       ; x86_64         ;
; EDA Netlist Writer   ; Sireena          ; Windows 10 ; 10.0       ; x86_64         ;
; EDA Netlist Writer   ; Sireena          ; Windows 10 ; 10.0       ; x86_64         ;
; EDA Netlist Writer   ; Sireena          ; Windows 10 ; 10.0       ; x86_64         ;
; EDA Netlist Writer   ; Sireena          ; Windows 10 ; 10.0       ; x86_64         ;
; EDA Netlist Writer   ; Sireena          ; Windows 10 ; 10.0       ; x86_64         ;
; EDA Netlist Writer   ; Sireena          ; Windows 10 ; 10.0       ; x86_64         ;
; EDA Netlist Writer   ; Sireena          ; Windows 10 ; 10.0       ; x86_64         ;
; EDA Netlist Writer   ; Sireena          ; Windows 10 ; 10.0       ; x86_64         ;
+----------------------+------------------+------------+------------+----------------+


------------
; Flow Log ;
------------
quartus_map --read_settings_files=on --write_settings_files=off lab5 -c lab5
quartus_fit --read_settings_files=off --write_settings_files=off lab5 -c lab5
quartus_asm --read_settings_files=off --write_settings_files=off lab5 -c lab5
quartus_sta lab5 -c lab5
quartus_eda --gen_testbench --tool=modelsim_oem --format=verilog --write_settings_files=off lab5 -c lab5 --vector_source=C:/Users/sirep/OneDrive/Desktop/2026/3tb4/lab/Lab/3tb4/lab5/Waveform10.vwf --testbench_file=C:/Users/sirep/OneDrive/Desktop/2026/3tb4/lab/Lab/3tb4/lab5/simulation/qsim/Waveform10.vwf.vt
quartus_eda --write_settings_files=off --simulation=on --functional=on --flatten_buses=off --tool=modelsim_oem --format=verilog --output_directory=C:/Users/sirep/OneDrive/Desktop/2026/3tb4/lab/Lab/3tb4/lab5/simulation/qsim/ lab5 -c lab5
quartus_eda --gen_testbench --tool=modelsim_oem --format=verilog --write_settings_files=off lab5 -c lab5 --vector_source=C:/Users/sirep/OneDrive/Desktop/2026/3tb4/lab/Lab/3tb4/lab5/Waveform10.vwf --testbench_file=C:/Users/sirep/OneDrive/Desktop/2026/3tb4/lab/Lab/3tb4/lab5/simulation/qsim/Waveform10.vwf.vt
quartus_eda --write_settings_files=off --simulation=on --functional=on --flatten_buses=off --tool=modelsim_oem --format=verilog --output_directory=C:/Users/sirep/OneDrive/Desktop/2026/3tb4/lab/Lab/3tb4/lab5/simulation/qsim/ lab5 -c lab5
quartus_eda --gen_testbench --tool=modelsim_oem --format=verilog --write_settings_files=off lab5 -c lab5 --vector_source=C:/Users/sirep/OneDrive/Desktop/2026/3tb4/lab/Lab/3tb4/lab5/Waveform10.vwf --testbench_file=C:/Users/sirep/OneDrive/Desktop/2026/3tb4/lab/Lab/3tb4/lab5/simulation/qsim/Waveform10.vwf.vt
quartus_eda --write_settings_files=off --simulation=on --functional=on --flatten_buses=off --tool=modelsim_oem --format=verilog --output_directory=C:/Users/sirep/OneDrive/Desktop/2026/3tb4/lab/Lab/3tb4/lab5/simulation/qsim/ lab5 -c lab5
quartus_eda --gen_testbench --tool=modelsim_oem --format=verilog --write_settings_files=off lab5 -c lab5 --vector_source=C:/Users/sirep/OneDrive/Desktop/2026/3tb4/lab/Lab/3tb4/lab5/Waveform10.vwf --testbench_file=C:/Users/sirep/OneDrive/Desktop/2026/3tb4/lab/Lab/3tb4/lab5/simulation/qsim/Waveform10.vwf.vt
quartus_eda --write_settings_files=off --simulation=on --functional=on --flatten_buses=off --tool=modelsim_oem --format=verilog --output_directory=C:/Users/sirep/OneDrive/Desktop/2026/3tb4/lab/Lab/3tb4/lab5/simulation/qsim/ lab5 -c lab5



